../Core/Inc/SON_CDC_Logger.h:53:1:__io_putchar	16	static
../Core/Inc/SON_I2C_MPU6050.h:78:13:MPU6050_Init	32	static
../Core/Inc/SON_I2C_MPU6050.h:101:13:MPU6050_Read_Accel	32	static
../Core/Inc/SON_I2C_MPU6050.h:122:13:MPU6050_Read_Gyro	32	static
../Core/Src/main.c:113:6:DWT_Init	4	static
../Core/Src/main.c:125:5:main	8	static
../Core/Src/main.c:219:6:SystemClock_Config	88	static
../Core/Src/main.c:266:13:MX_I2C1_Init	8	static
../Core/Src/main.c:300:13:MX_GPIO_Init	40	static
../Core/Src/main.c:332:6:TaskMpu	16	static
../Core/Src/main.c:367:6:TaskDht	24	static
../Core/Src/main.c:402:6:HAL_TIM_PeriodElapsedCallback	16	static
../Core/Src/main.c:419:6:Error_Handler	4	static,ignoring_inline_asm
